{
  "licenseHeader": {
    "licenseType": "apache",
    "yearRange": "2023",
    "copyrightHolder": "2023"
  }
}
